[33mThe CJS build of Vite's Node API is deprecated. See https://vite.dev/guide/troubleshooting.html#vite-cjs-node-api-deprecated for more details.[39m

  [32m[1mVITE[22m v5.4.21[39m  [2mready in [0m[1m582[22m[2m[0m ms[22m

  [32m➜[39m  [1mLocal[22m:   [36mhttp://localhost:[1m5173[22m/[39m
[2m  [32m➜[39m  [1mNetwork[22m[2m: use [22m[1m--host[22m[2m to expose[22m
[2m4:55:51 pm[22m [36m[1m[vite][22m[39m [32mhmr update [39m[2m/src/components/Footer.jsx[22m
[2m4:56:02 pm[22m [36m[1m[vite][22m[39m [32mhmr update [39m[2m/src/pages/HomePage.jsx[22m
[2m4:56:14 pm[22m [36m[1m[vite][22m[39m [32mhmr update [39m[2m/src/pages/AboutPage.jsx[22m
[2m4:56:44 pm[22m [36m[1m[vite][22m[39m [32mhmr update [39m[2m/src/components/Footer.jsx[22m
[2m4:56:48 pm[22m [36m[1m[vite][22m[39m [32mhmr update [39m[2m/src/pages/AboutPage.jsx[22m
[2m4:56:49 pm[22m [36m[1m[vite][22m[39m [32mhmr update [39m[2m/src/pages/AboutPage.jsx[22m
[2m4:56:53 pm[22m [36m[1m[vite][22m[39m [32mhmr update [39m[2m/src/pages/AboutPage.jsx[22m
[2m4:56:53 pm[22m [36m[1m[vite][22m[39m [32mhmr update [39m[2m/src/pages/AboutPage.jsx[22m
[2m4:57:32 pm[22m [36m[1m[vite][22m[39m [32mhmr update [39m[2m/src/components/PaymentModal.jsx[22m
[2m4:57:44 pm[22m [36m[1m[vite][22m[39m [32mhmr update [39m[2m/src/pages/HomePage.jsx[22m
[2m4:58:21 pm[22m [36m[1m[vite][22m[39m [32mhmr update [39m[2m/src/App.jsx[22m
[2m4:58:38 pm[22m [36m[1m[vite][22m[39m [32mhmr update [39m[2m/src/components/SingleClasses.jsx[22m
[2m4:58:53 pm[22m [36m[1m[vite][22m[39m [32mhmr update [39m[2m/src/components/ComboClasses.jsx[22m
[2m4:58:53 pm[22m [31m[1m[vite][22m[39m [31mInternal server error: D:\TCT Fashion\src\components\ComboClasses.jsx: Unexpected token, expected "from" (4:16)

[0m [90m 2 |[31m [36mimport[31m [33mPaymentOptions[31m [36mfrom[31m [32m"./PaymentOptions.jsx"[31m[33m;[31m
 [90m 3 |[31m [36mimport[31m [33mReveal[31m [36mfrom[31m [32m"./Reveal.jsx"[31m[33m;[31m
[31m[1m>[22m[31m[90m 4 |[31m [36mimport[31m [33mTiltCard[31m nesting [33m=[31m [32m"div"[31m[33m;[31m
 [90m   |[31m                 [31m[1m^[22m[31m
 [90m 5 |[31m
 [90m 6 |[31m [36mexport[31m [36mdefault[31m [36mfunction[31m [33mComboClasses[31m({ combos }) {
 [90m 7 |[31m   [36mconst[31m [selectedCombo[33m,[31m setSelectedCombo] [33m=[31m useState([36mnull[31m)[33m;[31m[0m[39m
  Plugin: [35mvite:react-babel[39m
  File: [36mD:/TCT Fashion/src/components/ComboClasses.jsx[39m:4:16
[33m  2  |  import PaymentOptions from "./PaymentOptions.jsx";
  3  |  import Reveal from "./Reveal.jsx";
  4  |  import TiltCard nesting = "div";
     |                  ^
  5  |  
  6  |  export default function ComboClasses({ combos }) {[39m
      at constructor (D:\TCT Fashion\node_modules\@babel\parser\lib\index.js:369:19)
      at JSXParserMixin.raise (D:\TCT Fashion\node_modules\@babel\parser\lib\index.js:6622:19)
      at JSXParserMixin.unexpected (D:\TCT Fashion\node_modules\@babel\parser\lib\index.js:6642:16)
      at JSXParserMixin.expectContextual (D:\TCT Fashion\node_modules\@babel\parser\lib\index.js:6901:12)
      at JSXParserMixin.parseImportSpecifiersAndAfter (D:\TCT Fashion\node_modules\@babel\parser\lib\index.js:14277:10)
      at JSXParserMixin.parseImport (D:\TCT Fashion\node_modules\@babel\parser\lib\index.js:14269:17)
      at JSXParserMixin.parseStatementContent (D:\TCT Fashion\node_modules\@babel\parser\lib\index.js:12910:27)
      at JSXParserMixin.parseStatementLike (D:\TCT Fashion\node_modules\@babel\parser\lib\index.js:12801:17)
      at JSXParserMixin.parseModuleItem (D:\TCT Fashion\node_modules\@babel\parser\lib\index.js:12778:17)
      at JSXParserMixin.parseBlockOrModuleBlockBody (D:\TCT Fashion\node_modules\@babel\parser\lib\index.js:13350:36)
      at JSXParserMixin.parseBlockBody (D:\TCT Fashion\node_modules\@babel\parser\lib\index.js:13343:10)
      at JSXParserMixin.parseProgram (D:\TCT Fashion\node_modules\@babel\parser\lib\index.js:12656:10)
      at JSXParserMixin.parseTopLevel (D:\TCT Fashion\node_modules\@babel\parser\lib\index.js:12646:25)
      at JSXParserMixin.parse (D:\TCT Fashion\node_modules\@babel\parser\lib\index.js:14522:25)
      at parse (D:\TCT Fashion\node_modules\@babel\parser\lib\index.js:14556:38)
      at parser (D:\TCT Fashion\node_modules\@babel\core\lib\parser\index.js:41:34)
      at parser.next (<anonymous>)
      at normalizeFile (D:\TCT Fashion\node_modules\@babel\core\lib\transformation\normalize-file.js:51:37)
      at normalizeFile.next (<anonymous>)
      at run (D:\TCT Fashion\node_modules\@babel\core\lib\transformation\index.js:22:50)
      at run.next (<anonymous>)
      at transform (D:\TCT Fashion\node_modules\@babel\core\lib\transform.js:22:33)
      at transform.next (<anonymous>)
      at step (D:\TCT Fashion\node_modules\gensync\index.js:261:32)
      at D:\TCT Fashion\node_modules\gensync\index.js:273:13
      at async.call.result.err.err (D:\TCT Fashion\node_modules\gensync\index.js:223:11)
      at D:\TCT Fashion\node_modules\gensync\index.js:189:28
      at D:\TCT Fashion\node_modules\@babel\core\lib\gensync-utils\async.js:67:7
      at D:\TCT Fashion\node_modules\gensync\index.js:113:33
      at step (D:\TCT Fashion\node_modules\gensync\index.js:287:14)
      at D:\TCT Fashion\node_modules\gensync\index.js:273:13
      at async.call.result.err.err (D:\TCT Fashion\node_modules\gensync\index.js:223:11)
[2m4:59:11 pm[22m [36m[1m[vite][22m[39m [32mhmr update [39m[2m/src/components/ComboClasses.jsx[22m
[2m5:00:26 pm[22m [36m[1m[vite][22m[39m [32mhmr update [39m[2m/src/components/Footer.jsx[22m
[2m5:00:51 pm[22m [36m[1m[vite][22m[39m [32mhmr update [39m[2m/src/styles.css[22m
[2m5:03:12 pm[22m [36m[1m[vite][22m[39m [32mhmr update [39m[2m/src/styles.css[22m
[2m5:03:27 pm[22m [36m[1m[vite][22m[39m [32mhmr update [39m[2m/src/styles.css[22m
[2m5:03:48 pm[22m [36m[1m[vite][22m[39m [32mhmr update [39m[2m/src/styles.css[22m
[2m5:05:43 pm[22m [36m[1m[vite][22m[39m [32mhmr update [39m[2m/src/components/Reveal.jsx[22m
[2m5:07:13 pm[22m [36m[1m[vite][22m[39m [32mhmr update [39m[2m/src/components/Reveal.jsx[22m
[2m5:20:26 pm[22m [36m[1m[vite][22m[39m [32mhmr update [39m[2m/src/components/ComboClasses.jsx[22m
[2m5:20:26 pm[22m [36m[1m[vite][22m[39m [32mhmr update [39m[2m/src/components/SingleClasses.jsx[22m
node:internal/fs/watchers:323
    const error = new UVException({
                  ^

Error: EBUSY: resource busy or locked, watch 'D:\TCT Fashion\combo images\all 7.png'
    at FSWatcher.<computed> (node:internal/fs/watchers:323:19)
    at Object.watch (node:fs:2609:36)
    at createFsWatchInstance (file:///D:/TCT%20Fashion/node_modules/vite/dist/node/chunks/dep-BK3b2jBa.js:42780:17)
    at setFsWatchListener (file:///D:/TCT%20Fashion/node_modules/vite/dist/node/chunks/dep-BK3b2jBa.js:42827:15)
    at NodeFsHandler._watchWithNodeFs (file:///D:/TCT%20Fashion/node_modules/vite/dist/node/chunks/dep-BK3b2jBa.js:42982:14)
    at NodeFsHandler._handleFile (file:///D:/TCT%20Fashion/node_modules/vite/dist/node/chunks/dep-BK3b2jBa.js:43046:23)
    at NodeFsHandler._addToNodeFs (file:///D:/TCT%20Fashion/node_modules/vite/dist/node/chunks/dep-BK3b2jBa.js:43288:21)
Emitted 'error' event on FSWatcher instance at:
    at FSWatcher._handleError (file:///D:/TCT%20Fashion/node_modules/vite/dist/node/chunks/dep-BK3b2jBa.js:44481:10)
    at NodeFsHandler._addToNodeFs (file:///D:/TCT%20Fashion/node_modules/vite/dist/node/chunks/dep-BK3b2jBa.js:43296:18) {
  errno: -4082,
  syscall: 'watch',
  code: 'EBUSY',
  path: 'D:\\TCT Fashion\\combo images\\all 7.png',
  filename: 'D:\\TCT Fashion\\combo images\\all 7.png'
}

Node.js v24.19.0
